[69662.claimapplewatch.com/index.html]
[backblue.gif]
[fade.gif]
[index.html]
[69662.claimapplewatch.com/bootstrap/dist/fonts/glyphicons-halflings-regular.eot]
[69662.claimapplewatch.com/bootstrap/dist/fonts/glyphicons-halflings-regulard41d.eot]
[69662.claimapplewatch.com/bootstrap/dist/fonts/glyphicons-halflings-regular.woff2]
[69662.claimapplewatch.com/bootstrap/dist/fonts/glyphicons-halflings-regular.woff]
[69662.claimapplewatch.com/bootstrap/dist/fonts/glyphicons-halflings-regular.ttf]
[69662.claimapplewatch.com/bootstrap/dist/fonts/glyphicons-halflings-regular.svg]
[i.imgur.com/oumKE37.png]
[i.imgur.com/DDvmteU.png]
[i.imgur.com/v94jYsd.png]
[i.imgur.com/PrpQsmr.png]
[i.imgur.com/HxpbTmkc4ca.png]
[i.imgur.com/17dGD1g.png]
[i.imgur.com/0SybfmG.png]
[i.imgur.com/yf8NtvE.png]
[i.imgur.com/TBYtrJS.png]
[i.imgur.com/bnZP1jE.png]
[69662.claimapplewatch.com/Popover requires tooltip.10.delayed]
[i.imgur.com/wNhBJqM.jpg]
[69662.claimapplewatch.com/index.html]
[69662.claimapplewatch.com/bootstrap/dist/fonts/glyphicons-halflings-regular.html]
[69662.claimapplewatch.com/bootstrap/dist/fonts/glyphicons-halflings-regulard41d.html]
[69662.claimapplewatch.com/bootstrap/dist/fonts/glyphicons-halflings-regular-2.html]
[69662.claimapplewatch.com/bootstrap/dist/fonts/glyphicons-halflings-regular-3.html]
[69662.claimapplewatch.com/bootstrap/dist/fonts/glyphicons-halflings-regular-4.html]
[69662.claimapplewatch.com/bootstrap/dist/fonts/glyphicons-halflings-regular-5.html]
[69662.claimapplewatch.com/Popover requires tooltip.html]
